// Jest Snapshot v1, https://goo.gl/fbAQLP

exports[`should test DoctorSchedule component 1`] = `
<Fragment>
  <Header />
  <Container
    className="mt--7"
    fluid={true}
    tag="div"
  >
    <Row
      tag="div"
      widths={
        Array [
          "xs",
          "sm",
          "md",
          "lg",
          "xl",
        ]
      }
    >
      <Col
        tag="div"
        widths={
          Array [
            "xs",
            "sm",
            "md",
            "lg",
            "xl",
          ]
        }
      >
        <Card
          className="shadow"
          tag="div"
        >
          <CardHeader
            tag="div"
          >
            <Row
              className="align-items-center"
              tag="div"
              widths={
                Array [
                  "xs",
                  "sm",
                  "md",
                  "lg",
                  "xl",
                ]
              }
            >
              <Col
                className="text-left"
                lg="8"
                md="8"
                sm="12"
                tag="div"
                widths={
                  Array [
                    "xs",
                    "sm",
                    "md",
                    "lg",
                    "xl",
                  ]
                }
                xs="12"
              >
                <h3
                  className="mb-0"
                >
                  Set your schedule for the current week
                </h3>
              </Col>
              <Col
                className="text-right d-flex align-items-center justify-content-end"
                lg="4"
                md="4"
                sm="12"
                tag="div"
                widths={
                  Array [
                    "xs",
                    "sm",
                    "md",
                    "lg",
                    "xl",
                  ]
                }
                xs="12"
              >
                <h3
                  className="text-right text-success mb-0 mr-3 font-weight-600 d-none"
                  style={
                    Object {
                      "transition": ".2s all",
                    }
                  }
                >
                  Success!
                </h3>
                <Button
                  className="ws-0"
                  color="primary"
                  onClick={[Function]}
                  tag="button"
                >
                  Save Schedule
                </Button>
              </Col>
            </Row>
          </CardHeader>
          <CardBody
            tag="div"
          >
            <Row
              tag="div"
              widths={
                Array [
                  "xs",
                  "sm",
                  "md",
                  "lg",
                  "xl",
                ]
              }
            >
              <Col
                className="mb-4"
                key="0"
                lg="4"
                md="6"
                sm="6"
                tag="div"
                widths={
                  Array [
                    "xs",
                    "sm",
                    "md",
                    "lg",
                    "xl",
                  ]
                }
                xs="12"
              >
                <Card
                  className="bg-secondary shadow"
                  tag="div"
                >
                  <CardBody
                    tag="div"
                  >
                    <Row
                      tag="div"
                      widths={
                        Array [
                          "xs",
                          "sm",
                          "md",
                          "lg",
                          "xl",
                        ]
                      }
                    >
                      <Col
                        className="text-center"
                        tag="div"
                        widths={
                          Array [
                            "xs",
                            "sm",
                            "md",
                            "lg",
                            "xl",
                          ]
                        }
                      >
                        <h2>
                          Monday
                        </h2>
                        <hr />
                        <Row
                          tag="div"
                          widths={
                            Array [
                              "xs",
                              "sm",
                              "md",
                              "lg",
                              "xl",
                            ]
                          }
                        >
                          <Col
                            className="text-left"
                            lg="12"
                            md="12"
                            sm="6"
                            tag="div"
                            widths={
                              Array [
                                "xs",
                                "sm",
                                "md",
                                "lg",
                                "xl",
                              ]
                            }
                            xl="6"
                            xs="6"
                          >
                            <Label
                              tag="label"
                              widths={
                                Array [
                                  "xs",
                                  "sm",
                                  "md",
                                  "lg",
                                  "xl",
                                ]
                              }
                            >
                              Start time
                            </Label>
                            <Input
                              defaultValue=""
                              onChange={[Function]}
                              type="time"
                            />
                          </Col>
                          <Col
                            className="text-left"
                            lg="12"
                            md="12"
                            sm="6"
                            tag="div"
                            widths={
                              Array [
                                "xs",
                                "sm",
                                "md",
                                "lg",
                                "xl",
                              ]
                            }
                            xl="6"
                            xs="6"
                          >
                            <Label
                              tag="label"
                              widths={
                                Array [
                                  "xs",
                                  "sm",
                                  "md",
                                  "lg",
                                  "xl",
                                ]
                              }
                            >
                              End time
                            </Label>
                            <Input
                              defaultValue=""
                              onChange={[Function]}
                              type="time"
                            />
                          </Col>
                        </Row>
                      </Col>
                    </Row>
                  </CardBody>
                </Card>
              </Col>
              <Col
                className="mb-4"
                key="1"
                lg="4"
                md="6"
                sm="6"
                tag="div"
                widths={
                  Array [
                    "xs",
                    "sm",
                    "md",
                    "lg",
                    "xl",
                  ]
                }
                xs="12"
              >
                <Card
                  className="bg-secondary shadow"
                  tag="div"
                >
                  <CardBody
                    tag="div"
                  >
                    <Row
                      tag="div"
                      widths={
                        Array [
                          "xs",
                          "sm",
                          "md",
                          "lg",
                          "xl",
                        ]
                      }
                    >
                      <Col
                        className="text-center"
                        tag="div"
                        widths={
                          Array [
                            "xs",
                            "sm",
                            "md",
                            "lg",
                            "xl",
                          ]
                        }
                      >
                        <h2>
                          Tuesday
                        </h2>
                        <hr />
                        <Row
                          tag="div"
                          widths={
                            Array [
                              "xs",
                              "sm",
                              "md",
                              "lg",
                              "xl",
                            ]
                          }
                        >
                          <Col
                            className="text-left"
                            lg="12"
                            md="12"
                            sm="6"
                            tag="div"
                            widths={
                              Array [
                                "xs",
                                "sm",
                                "md",
                                "lg",
                                "xl",
                              ]
                            }
                            xl="6"
                            xs="6"
                          >
                            <Label
                              tag="label"
                              widths={
                                Array [
                                  "xs",
                                  "sm",
                                  "md",
                                  "lg",
                                  "xl",
                                ]
                              }
                            >
                              Start time
                            </Label>
                            <Input
                              defaultValue=""
                              onChange={[Function]}
                              type="time"
                            />
                          </Col>
                          <Col
                            className="text-left"
                            lg="12"
                            md="12"
                            sm="6"
                            tag="div"
                            widths={
                              Array [
                                "xs",
                                "sm",
                                "md",
                                "lg",
                                "xl",
                              ]
                            }
                            xl="6"
                            xs="6"
                          >
                            <Label
                              tag="label"
                              widths={
                                Array [
                                  "xs",
                                  "sm",
                                  "md",
                                  "lg",
                                  "xl",
                                ]
                              }
                            >
                              End time
                            </Label>
                            <Input
                              defaultValue=""
                              onChange={[Function]}
                              type="time"
                            />
                          </Col>
                        </Row>
                      </Col>
                    </Row>
                  </CardBody>
                </Card>
              </Col>
              <Col
                className="mb-4"
                key="2"
                lg="4"
                md="6"
                sm="6"
                tag="div"
                widths={
                  Array [
                    "xs",
                    "sm",
                    "md",
                    "lg",
                    "xl",
                  ]
                }
                xs="12"
              >
                <Card
                  className="bg-secondary shadow"
                  tag="div"
                >
                  <CardBody
                    tag="div"
                  >
                    <Row
                      tag="div"
                      widths={
                        Array [
                          "xs",
                          "sm",
                          "md",
                          "lg",
                          "xl",
                        ]
                      }
                    >
                      <Col
                        className="text-center"
                        tag="div"
                        widths={
                          Array [
                            "xs",
                            "sm",
                            "md",
                            "lg",
                            "xl",
                          ]
                        }
                      >
                        <h2>
                          Wednesday
                        </h2>
                        <hr />
                        <Row
                          tag="div"
                          widths={
                            Array [
                              "xs",
                              "sm",
                              "md",
                              "lg",
                              "xl",
                            ]
                          }
                        >
                          <Col
                            className="text-left"
                            lg="12"
                            md="12"
                            sm="6"
                            tag="div"
                            widths={
                              Array [
                                "xs",
                                "sm",
                                "md",
                                "lg",
                                "xl",
                              ]
                            }
                            xl="6"
                            xs="6"
                          >
                            <Label
                              tag="label"
                              widths={
                                Array [
                                  "xs",
                                  "sm",
                                  "md",
                                  "lg",
                                  "xl",
                                ]
                              }
                            >
                              Start time
                            </Label>
                            <Input
                              defaultValue=""
                              onChange={[Function]}
                              type="time"
                            />
                          </Col>
                          <Col
                            className="text-left"
                            lg="12"
                            md="12"
                            sm="6"
                            tag="div"
                            widths={
                              Array [
                                "xs",
                                "sm",
                                "md",
                                "lg",
                                "xl",
                              ]
                            }
                            xl="6"
                            xs="6"
                          >
                            <Label
                              tag="label"
                              widths={
                                Array [
                                  "xs",
                                  "sm",
                                  "md",
                                  "lg",
                                  "xl",
                                ]
                              }
                            >
                              End time
                            </Label>
                            <Input
                              defaultValue=""
                              onChange={[Function]}
                              type="time"
                            />
                          </Col>
                        </Row>
                      </Col>
                    </Row>
                  </CardBody>
                </Card>
              </Col>
              <Col
                className="mb-4"
                key="3"
                lg="4"
                md="6"
                sm="6"
                tag="div"
                widths={
                  Array [
                    "xs",
                    "sm",
                    "md",
                    "lg",
                    "xl",
                  ]
                }
                xs="12"
              >
                <Card
                  className="bg-secondary shadow"
                  tag="div"
                >
                  <CardBody
                    tag="div"
                  >
                    <Row
                      tag="div"
                      widths={
                        Array [
                          "xs",
                          "sm",
                          "md",
                          "lg",
                          "xl",
                        ]
                      }
                    >
                      <Col
                        className="text-center"
                        tag="div"
                        widths={
                          Array [
                            "xs",
                            "sm",
                            "md",
                            "lg",
                            "xl",
                          ]
                        }
                      >
                        <h2>
                          Thursday
                        </h2>
                        <hr />
                        <Row
                          tag="div"
                          widths={
                            Array [
                              "xs",
                              "sm",
                              "md",
                              "lg",
                              "xl",
                            ]
                          }
                        >
                          <Col
                            className="text-left"
                            lg="12"
                            md="12"
                            sm="6"
                            tag="div"
                            widths={
                              Array [
                                "xs",
                                "sm",
                                "md",
                                "lg",
                                "xl",
                              ]
                            }
                            xl="6"
                            xs="6"
                          >
                            <Label
                              tag="label"
                              widths={
                                Array [
                                  "xs",
                                  "sm",
                                  "md",
                                  "lg",
                                  "xl",
                                ]
                              }
                            >
                              Start time
                            </Label>
                            <Input
                              defaultValue=""
                              onChange={[Function]}
                              type="time"
                            />
                          </Col>
                          <Col
                            className="text-left"
                            lg="12"
                            md="12"
                            sm="6"
                            tag="div"
                            widths={
                              Array [
                                "xs",
                                "sm",
                                "md",
                                "lg",
                                "xl",
                              ]
                            }
                            xl="6"
                            xs="6"
                          >
                            <Label
                              tag="label"
                              widths={
                                Array [
                                  "xs",
                                  "sm",
                                  "md",
                                  "lg",
                                  "xl",
                                ]
                              }
                            >
                              End time
                            </Label>
                            <Input
                              defaultValue=""
                              onChange={[Function]}
                              type="time"
                            />
                          </Col>
                        </Row>
                      </Col>
                    </Row>
                  </CardBody>
                </Card>
              </Col>
              <Col
                className="mb-4"
                key="4"
                lg="4"
                md="6"
                sm="6"
                tag="div"
                widths={
                  Array [
                    "xs",
                    "sm",
                    "md",
                    "lg",
                    "xl",
                  ]
                }
                xs="12"
              >
                <Card
                  className="bg-secondary shadow"
                  tag="div"
                >
                  <CardBody
                    tag="div"
                  >
                    <Row
                      tag="div"
                      widths={
                        Array [
                          "xs",
                          "sm",
                          "md",
                          "lg",
                          "xl",
                        ]
                      }
                    >
                      <Col
                        className="text-center"
                        tag="div"
                        widths={
                          Array [
                            "xs",
                            "sm",
                            "md",
                            "lg",
                            "xl",
                          ]
                        }
                      >
                        <h2>
                          Friday
                        </h2>
                        <hr />
                        <Row
                          tag="div"
                          widths={
                            Array [
                              "xs",
                              "sm",
                              "md",
                              "lg",
                              "xl",
                            ]
                          }
                        >
                          <Col
                            className="text-left"
                            lg="12"
                            md="12"
                            sm="6"
                            tag="div"
                            widths={
                              Array [
                                "xs",
                                "sm",
                                "md",
                                "lg",
                                "xl",
                              ]
                            }
                            xl="6"
                            xs="6"
                          >
                            <Label
                              tag="label"
                              widths={
                                Array [
                                  "xs",
                                  "sm",
                                  "md",
                                  "lg",
                                  "xl",
                                ]
                              }
                            >
                              Start time
                            </Label>
                            <Input
                              defaultValue=""
                              onChange={[Function]}
                              type="time"
                            />
                          </Col>
                          <Col
                            className="text-left"
                            lg="12"
                            md="12"
                            sm="6"
                            tag="div"
                            widths={
                              Array [
                                "xs",
                                "sm",
                                "md",
                                "lg",
                                "xl",
                              ]
                            }
                            xl="6"
                            xs="6"
                          >
                            <Label
                              tag="label"
                              widths={
                                Array [
                                  "xs",
                                  "sm",
                                  "md",
                                  "lg",
                                  "xl",
                                ]
                              }
                            >
                              End time
                            </Label>
                            <Input
                              defaultValue=""
                              onChange={[Function]}
                              type="time"
                            />
                          </Col>
                        </Row>
                      </Col>
                    </Row>
                  </CardBody>
                </Card>
              </Col>
              <Col
                className="mb-4"
                key="5"
                lg="4"
                md="6"
                sm="6"
                tag="div"
                widths={
                  Array [
                    "xs",
                    "sm",
                    "md",
                    "lg",
                    "xl",
                  ]
                }
                xs="12"
              >
                <Card
                  className="bg-secondary shadow"
                  tag="div"
                >
                  <CardBody
                    tag="div"
                  >
                    <Row
                      tag="div"
                      widths={
                        Array [
                          "xs",
                          "sm",
                          "md",
                          "lg",
                          "xl",
                        ]
                      }
                    >
                      <Col
                        className="text-center"
                        tag="div"
                        widths={
                          Array [
                            "xs",
                            "sm",
                            "md",
                            "lg",
                            "xl",
                          ]
                        }
                      >
                        <h2>
                          Saturday
                        </h2>
                        <hr />
                        <Row
                          tag="div"
                          widths={
                            Array [
                              "xs",
                              "sm",
                              "md",
                              "lg",
                              "xl",
                            ]
                          }
                        >
                          <Col
                            className="text-left"
                            lg="12"
                            md="12"
                            sm="6"
                            tag="div"
                            widths={
                              Array [
                                "xs",
                                "sm",
                                "md",
                                "lg",
                                "xl",
                              ]
                            }
                            xl="6"
                            xs="6"
                          >
                            <Label
                              tag="label"
                              widths={
                                Array [
                                  "xs",
                                  "sm",
                                  "md",
                                  "lg",
                                  "xl",
                                ]
                              }
                            >
                              Start time
                            </Label>
                            <Input
                              defaultValue=""
                              onChange={[Function]}
                              type="time"
                            />
                          </Col>
                          <Col
                            className="text-left"
                            lg="12"
                            md="12"
                            sm="6"
                            tag="div"
                            widths={
                              Array [
                                "xs",
                                "sm",
                                "md",
                                "lg",
                                "xl",
                              ]
                            }
                            xl="6"
                            xs="6"
                          >
                            <Label
                              tag="label"
                              widths={
                                Array [
                                  "xs",
                                  "sm",
                                  "md",
                                  "lg",
                                  "xl",
                                ]
                              }
                            >
                              End time
                            </Label>
                            <Input
                              defaultValue=""
                              onChange={[Function]}
                              type="time"
                            />
                          </Col>
                        </Row>
                      </Col>
                    </Row>
                  </CardBody>
                </Card>
              </Col>
              <Col
                className="mb-4"
                key="6"
                lg="4"
                md="6"
                sm="6"
                tag="div"
                widths={
                  Array [
                    "xs",
                    "sm",
                    "md",
                    "lg",
                    "xl",
                  ]
                }
                xs="12"
              >
                <Card
                  className="bg-secondary shadow"
                  tag="div"
                >
                  <CardBody
                    tag="div"
                  >
                    <Row
                      tag="div"
                      widths={
                        Array [
                          "xs",
                          "sm",
                          "md",
                          "lg",
                          "xl",
                        ]
                      }
                    >
                      <Col
                        className="text-center"
                        tag="div"
                        widths={
                          Array [
                            "xs",
                            "sm",
                            "md",
                            "lg",
                            "xl",
                          ]
                        }
                      >
                        <h2>
                          Sunday
                        </h2>
                        <hr />
                        <Row
                          tag="div"
                          widths={
                            Array [
                              "xs",
                              "sm",
                              "md",
                              "lg",
                              "xl",
                            ]
                          }
                        >
                          <Col
                            className="text-left"
                            lg="12"
                            md="12"
                            sm="6"
                            tag="div"
                            widths={
                              Array [
                                "xs",
                                "sm",
                                "md",
                                "lg",
                                "xl",
                              ]
                            }
                            xl="6"
                            xs="6"
                          >
                            <Label
                              tag="label"
                              widths={
                                Array [
                                  "xs",
                                  "sm",
                                  "md",
                                  "lg",
                                  "xl",
                                ]
                              }
                            >
                              Start time
                            </Label>
                            <Input
                              defaultValue=""
                              onChange={[Function]}
                              type="time"
                            />
                          </Col>
                          <Col
                            className="text-left"
                            lg="12"
                            md="12"
                            sm="6"
                            tag="div"
                            widths={
                              Array [
                                "xs",
                                "sm",
                                "md",
                                "lg",
                                "xl",
                              ]
                            }
                            xl="6"
                            xs="6"
                          >
                            <Label
                              tag="label"
                              widths={
                                Array [
                                  "xs",
                                  "sm",
                                  "md",
                                  "lg",
                                  "xl",
                                ]
                              }
                            >
                              End time
                            </Label>
                            <Input
                              defaultValue=""
                              onChange={[Function]}
                              type="time"
                            />
                          </Col>
                        </Row>
                      </Col>
                    </Row>
                  </CardBody>
                </Card>
              </Col>
            </Row>
          </CardBody>
          <CardFooter
            className="border-0 pt-0"
            tag="div"
          >
            <Row
              tag="div"
              widths={
                Array [
                  "xs",
                  "sm",
                  "md",
                  "lg",
                  "xl",
                ]
              }
            >
              <Col
                className="text-center"
                tag="div"
                widths={
                  Array [
                    "xs",
                    "sm",
                    "md",
                    "lg",
                    "xl",
                  ]
                }
              />
            </Row>
          </CardFooter>
        </Card>
      </Col>
    </Row>
  </Container>
</Fragment>
`;
