// Jest Snapshot v1, https://goo.gl/fbAQLP

exports[`should test Login component 1`] = `
<Fragment>
  <Col
    lg="5"
    md="7"
    tag="div"
    widths={
      Array [
        "xs",
        "sm",
        "md",
        "lg",
        "xl",
      ]
    }
  >
    <Card
      className="bg-secondary shadow border-0"
      tag="div"
    >
      <CardBody
        className="px-lg-5 py-lg-5"
        tag="div"
      >
        <div
          className="text-center text-muted mb-4"
        >
          <h3>
            Sign in with credentials
          </h3>
        </div>
        <Form
          role="form"
          tag="form"
        >
          <FormGroup
            className="mb-3"
            tag="div"
          >
            <InputGroup
              className="input-group-alternative"
              tag="div"
            >
              <InputGroupAddon
                addonType="prepend"
                tag="div"
              >
                <InputGroupText
                  tag="span"
                >
                  <i
                    className="ni ni-email-83"
                  />
                </InputGroupText>
              </InputGroupAddon>
              <Input
                autoComplete="new-email"
                onChange={[Function]}
                placeholder="Email"
                type="email"
              />
            </InputGroup>
          </FormGroup>
          <FormGroup
            tag="div"
          >
            <InputGroup
              className="input-group-alternative"
              tag="div"
            >
              <InputGroupAddon
                addonType="prepend"
                tag="div"
              >
                <InputGroupText
                  tag="span"
                >
                  <i
                    className="fas fa-eye c-pointer"
                    onClick={[Function]}
                  />
                </InputGroupText>
              </InputGroupAddon>
              <Input
                autoComplete="new-password"
                onChange={[Function]}
                placeholder="Password"
                type="password"
              />
            </InputGroup>
          </FormGroup>
          <div
            className="custom-control custom-control-alternative custom-checkbox"
          >
            <input
              className="custom-control-input"
              id=" customCheckLogin"
              type="checkbox"
            />
            <label
              className="custom-control-label"
              htmlFor=" customCheckLogin"
            >
              <span
                className="text-muted"
              >
                Remember me
              </span>
            </label>
          </div>
          <div
            className="text-center"
          >
            <Button
              className="my-4"
              color="primary"
              onClick={[Function]}
              tag="button"
              type="submit"
            >
              Sign in
            </Button>
          </div>
        </Form>
      </CardBody>
    </Card>
  </Col>
</Fragment>
`;
