// Jest Snapshot v1, https://goo.gl/fbAQLP

exports[`should test Register component 1`] = `
<Fragment>
  <Col
    lg="6"
    md="8"
    tag="div"
    widths={
      Array [
        "xs",
        "sm",
        "md",
        "lg",
        "xl",
      ]
    }
  >
    <Card
      className="bg-secondary shadow border-0"
      tag="div"
    >
      <r
        className={null}
        initialStep={1}
        instance={[Function]}
        isHashEnabled={false}
        isLazyMount={false}
        nav={null}
        onStepChange={[Function]}
        transitions={Object {}}
      >
        <FirstStep
          handleType={[Function]}
        />
        <SecondStep
          accountType=""
          creating={false}
          error={null}
          handleRegister={[Function]}
          setEmail={[Function]}
          setFirstName={[Function]}
          setLastName={[Function]}
          setPassword={[Function]}
          setRepeatPassword={[Function]}
          setShowPassword={[Function]}
          showPassword={false}
          stepWizardRef={null}
        />
        <ThirdStep
          email=""
          firstName=""
          lastName=""
          password=""
        />
      </r>
    </Card>
  </Col>
</Fragment>
`;
