// Jest Snapshot v1, https://goo.gl/fbAQLP

exports[`should test User Header component 1`] = `
<Fragment>
  <div
    className="header pb-8 pt-5 pt-lg-8 d-flex align-items-center"
    style={
      Object {
        "backgroundImage": "url(profile-cover.jpg)",
        "backgroundPosition": "center top",
        "backgroundSize": "cover",
        "minHeight": "300px",
      }
    }
  >
    <span
      className="mask bg-gradient-default opacity-8"
    />
    <Container
      className="d-flex align-items-center"
      fluid={true}
      tag="div"
    >
      <Row
        tag="div"
        widths={
          Array [
            "xs",
            "sm",
            "md",
            "lg",
            "xl",
          ]
        }
      >
        <Col
          lg="7"
          md="10"
          tag="div"
          widths={
            Array [
              "xs",
              "sm",
              "md",
              "lg",
              "xl",
            ]
          }
        >
          <h1
            className="display-2 text-white ws-0"
          >
            Hello 
            undefined undefined
          </h1>
          <p
            className="text-white mt-0 mb-5"
          >
            This is your profile page. You can edit your information here.
          </p>
        </Col>
      </Row>
    </Container>
  </div>
</Fragment>
`;
